// Vitest Snapshot v1, https://vitest.dev/guide/snapshot.html

exports[`CharacterDetails > should render character details 1`] = `
<DocumentFragment>
  <div
    class="sc-beySPh fOSsff"
  >
    <div
      class="sc-guDLey jmmUSo"
    >
      <h2>
        C-3PO
      </h2>
      <ul>
        <li
          class="sc-dmyCSP cRcTuR"
        >
          Hair Color: n/a
        </li>
        <li
          class="sc-dmyCSP cRcTuR"
        >
          Eye Color: yellow
        </li>
        <li
          class="sc-dmyCSP cRcTuR"
        >
          Height: 167
        </li>
        <li
          class="sc-dmyCSP cRcTuR"
        >
          Gender: n/a
        </li>
        <li
          class="sc-dmyCSP cRcTuR"
        >
          Homeworld: https://swapi.dev/api/planets/1/
        </li>
      </ul>
    </div>
    <div
      class="sc-hLQSwg gDiYxq"
    >
      <h3>
        Films Appeared In:
      </h3>
      <ul>
        <li
          class="sc-dmyCSP cRcTuR"
        >
          Fetching film titles...
        </li>
      </ul>
    </div>
  </div>
</DocumentFragment>
`;
